﻿
> biomedia-sales-intelligence@1.0.0 build
> vite build

[36mvite v5.4.21 [32mbuilding for production...[36m[39m
transforming...
[32mΓ£ô[39m 2985 modules transformed.
node.exe : [31mx[39m 
Build failed in 2.42s
At line:1 char:1
+ & "C:\Program 
Files\nodejs/node.exe" 
"C:\Program 
Files\nodejs/node_mo ...
+ ~~~~~~~~~~~~~~~~~~~~~~~~~
~~~~~~~~~~~~~~~~~~~~~~~~~~~
~~~~~~~~~~~~~~~~~
    + CategoryInfo         
     : NotSpecified: ([3  
  1mx[39m Build failed    
 in 2.42s:String) [], R    
emoteException
    + FullyQualifiedErrorI 
   d : NativeCommandError
 
[31merror during build:
[31msrc/components/MobileN
av.jsx (2:63): 
"ScanSearch" is not 
exported by "node_modules/l
ucide-react/dist/esm/lucide
-react.mjs", imported by "s
rc/components/MobileNav.jsx
".[31m
file: [36mE:/Antigravity 
project/Biomedia Dashboard/
src/components/MobileNav.js
x:2:63[31m
[33m
1: import { Link, 
useLocation } from 
"react-router-dom";
2: import { 
LayoutDashboard, Users, 
HeartHandshake, 
BrainCircuit, ScanSearch } 
from "lucide-react";
                           
                           
            ^
3: 
4: const NAV_ITEMS = [
[31m
    at getRollupError (file
:///E:/Antigravity%20projec
t/Biomedia%20Dashboard/node
_modules/rollup/dist/es/sha
red/parseAst.js:406:41)
    at error (file:///E:/An
tigravity%20project/Biomedi
a%20Dashboard/node_modules/
rollup/dist/es/shared/parse
Ast.js:402:42)
    at Module.error (file:/
//E:/Antigravity%20project/
Biomedia%20Dashboard/node_m
odules/rollup/dist/es/share
d/node-entry.js:17065:16)
    at 
Module.traceVariable (file:
///E:/Antigravity%20project
/Biomedia%20Dashboard/node_
modules/rollup/dist/es/shar
ed/node-entry.js:17477:29)
    at 
ModuleScope.findVariable (f
ile:///E:/Antigravity%20pro
ject/Biomedia%20Dashboard/n
ode_modules/rollup/dist/es/
shared/node-entry.js:15090:
39)
    at Identifier.bind (fil
e:///E:/Antigravity%20proje
ct/Biomedia%20Dashboard/nod
e_modules/rollup/dist/es/sh
ared/node-entry.js:5450:40)
    at Property.bind (file:
///E:/Antigravity%20project
/Biomedia%20Dashboard/node_
modules/rollup/dist/es/shar
ed/node-entry.js:2832:23)
    at 
ObjectExpression.bind (file
:///E:/Antigravity%20projec
t/Biomedia%20Dashboard/node
_modules/rollup/dist/es/sha
red/node-entry.js:2828:28)
    at 
ArrayExpression.bind (file:
///E:/Antigravity%20project
/Biomedia%20Dashboard/node_
modules/rollup/dist/es/shar
ed/node-entry.js:2828:28)
    at 
VariableDeclarator.bind (fi
le:///E:/Antigravity%20proj
ect/Biomedia%20Dashboard/no
de_modules/rollup/dist/es/s
hared/node-entry.js:2832:23
)[39m
